// Jest Snapshot v1, https://goo.gl/fbAQLP

exports[`root reducer should return the rootReducer 1`] = `
Object {
  "formFields": Object {
    "JSONVisibility": false,
    "data": Array [],
    "error": "",
    "fetching": false,
    "fieldsJSON": Object {},
  },
}
`;
